// Jest Snapshot v1, https://goo.gl/fbAQLP

exports[`tokens page should render should render 1`] = `
"<h1 class="text-primary">Tokens</h1>
<h2 class="py-8">Heading</h2>
<div style="background-color: rgb(224, 231, 242);" class="text-center">
  <h1 class="my-1">h1. Design system heading</h1>
  <h2 class="my-1">h2. Design system heading</h2>
  <h3 class="my-1">h3. Design system heading</h3>
  <h4 class="my-1">h4. Design system heading</h4>
  <h5 class="my-1">h5. Design system heading</h5>
  <h6 class="my-1">h6. Design system heading</h6>
</div>
<h2 class="py-8">Couleurs du theme Vuetify</h2>
<div class="v-row">
  <div class="v-col d-flex child-flex color-box" style="background-color: rgb(255, 255, 255); color: black;">
    <div class="text-center">background</div>
  </div>
</div>
<div class="v-row">
  <div class="v-col d-flex child-flex color-box" style="background-color: rgb(255, 255, 255); color: black;">
    <div class="text-center">surface</div>
  </div>
  <div class="v-col d-flex child-flex color-box" style="background-color: rgb(255, 255, 255); color: black;">
    <div class="text-center">surface-bright</div>
  </div>
  <div class="v-col d-flex child-flex color-box" style="background-color: rgb(238, 238, 238); color: black;">
    <div class="text-center">surface-light</div>
  </div>
  <div class="v-col d-flex child-flex color-box" style="background-color: rgb(66, 66, 66); color: white;">
    <div class="text-center">surface-variant</div>
  </div>
</div>
<div class="v-row">
  <div class="v-col d-flex child-flex color-box" style="background-color: rgb(238, 238, 238); color: black;">
    <div class="text-center">on-surface-variant</div>
  </div>
</div>
<div class="v-row">
  <div class="v-col d-flex child-flex color-box" style="background-color: rgb(24, 103, 192); color: white;">
    <div class="text-center">primary</div>
  </div>
  <div class="v-col d-flex child-flex color-box" style="background-color: rgb(31, 85, 146); color: white;">
    <div class="text-center">primary-darken-1</div>
  </div>
</div>
<div class="v-row">
  <div class="v-col d-flex child-flex color-box" style="background-color: rgb(72, 169, 166); color: black;">
    <div class="text-center">secondary</div>
  </div>
  <div class="v-col d-flex child-flex color-box" style="background-color: rgb(1, 135, 134); color: white;">
    <div class="text-center">secondary-darken-1</div>
  </div>
</div>
<div class="v-row">
  <div class="v-col d-flex child-flex color-box" style="background-color: rgb(176, 0, 32); color: white;">
    <div class="text-center">error</div>
  </div>
</div>
<div class="v-row">
  <div class="v-col d-flex child-flex color-box" style="background-color: rgb(33, 150, 243); color: black;">
    <div class="text-center">info</div>
  </div>
</div>
<div class="v-row">
  <div class="v-col d-flex child-flex color-box" style="background-color: rgb(76, 175, 80); color: black;">
    <div class="text-center">success</div>
  </div>
</div>
<div class="v-row">
  <div class="v-col d-flex child-flex color-box" style="background-color: rgb(251, 140, 0); color: black;">
    <div class="text-center">warning</div>
  </div>
</div>"
`;
